------------------------------------------------------------
TimeQuest Timing Analyzer Summary
------------------------------------------------------------

Type  : Slow 1200mV 85C Model Setup 'inst5|altpll_component|auto_generated|pll1|clk[0]'
Slack : -4.856
TNS   : -12.979

Type  : Slow 1200mV 85C Model Setup 'VGA_SYNC:inst|vert_sync_out'
Slack : -1.615
TNS   : -30.730

Type  : Slow 1200mV 85C Model Hold 'VGA_SYNC:inst|vert_sync_out'
Slack : -0.899
TNS   : -9.536

Type  : Slow 1200mV 85C Model Hold 'inst5|altpll_component|auto_generated|pll1|clk[0]'
Slack : 0.308
TNS   : 0.000

Type  : Slow 1200mV 85C Model Minimum Pulse Width 'VGA_SYNC:inst|vert_sync_out'
Slack : -1.000
TNS   : -28.000

Type  : Slow 1200mV 85C Model Minimum Pulse Width '50mCLK'
Slack : 9.825
TNS   : 0.000

Type  : Slow 1200mV 85C Model Minimum Pulse Width 'inst5|altpll_component|auto_generated|pll1|clk[0]'
Slack : 19.736
TNS   : 0.000

Type  : Slow 1200mV 0C Model Setup 'inst5|altpll_component|auto_generated|pll1|clk[0]'
Slack : -4.113
TNS   : -10.991

Type  : Slow 1200mV 0C Model Setup 'VGA_SYNC:inst|vert_sync_out'
Slack : -1.359
TNS   : -24.312

Type  : Slow 1200mV 0C Model Hold 'VGA_SYNC:inst|vert_sync_out'
Slack : -0.707
TNS   : -6.615

Type  : Slow 1200mV 0C Model Hold 'inst5|altpll_component|auto_generated|pll1|clk[0]'
Slack : 0.305
TNS   : 0.000

Type  : Slow 1200mV 0C Model Minimum Pulse Width 'VGA_SYNC:inst|vert_sync_out'
Slack : -1.000
TNS   : -28.000

Type  : Slow 1200mV 0C Model Minimum Pulse Width '50mCLK'
Slack : 9.785
TNS   : 0.000

Type  : Slow 1200mV 0C Model Minimum Pulse Width 'inst5|altpll_component|auto_generated|pll1|clk[0]'
Slack : 19.740
TNS   : 0.000

Type  : Fast 1200mV 0C Model Setup 'inst5|altpll_component|auto_generated|pll1|clk[0]'
Slack : -2.399
TNS   : -6.357

Type  : Fast 1200mV 0C Model Setup 'VGA_SYNC:inst|vert_sync_out'
Slack : -0.494
TNS   : -5.551

Type  : Fast 1200mV 0C Model Hold 'VGA_SYNC:inst|vert_sync_out'
Slack : -0.641
TNS   : -8.395

Type  : Fast 1200mV 0C Model Hold 'inst5|altpll_component|auto_generated|pll1|clk[0]'
Slack : 0.150
TNS   : 0.000

Type  : Fast 1200mV 0C Model Minimum Pulse Width 'VGA_SYNC:inst|vert_sync_out'
Slack : -1.000
TNS   : -28.000

Type  : Fast 1200mV 0C Model Minimum Pulse Width '50mCLK'
Slack : 9.585
TNS   : 0.000

Type  : Fast 1200mV 0C Model Minimum Pulse Width 'inst5|altpll_component|auto_generated|pll1|clk[0]'
Slack : 19.746
TNS   : 0.000

------------------------------------------------------------
