Analysis & Synthesis report for TextDisplay
Thu Jun 04 23:49:13 2020
Quartus II 64-Bit Version 13.0.0 Build 156 04/24/2013 SJ Web Edition


---------------------
; Table of Contents ;
---------------------
  1. Legal Notice
  2. Analysis & Synthesis Summary
  3. Analysis & Synthesis Settings
  4. Parallel Compilation
  5. Analysis & Synthesis Messages



----------------
; Legal Notice ;
----------------
Copyright (C) 1991-2013 Altera Corporation
Your use of Altera Corporation's design tools, logic functions 
and other software and tools, and its AMPP partner logic 
functions, and any output files from any of the foregoing 
(including device programming or simulation files), and any 
associated documentation or information are expressly subject 
to the terms and conditions of the Altera Program License 
Subscription Agreement, Altera MegaCore Function License 
Agreement, or other applicable license agreement, including, 
without limitation, that your use is for the sole purpose of 
programming logic devices manufactured by Altera and sold by 
Altera or its authorized distributors.  Please refer to the 
applicable agreement for further details.



+---------------------------------------------------------------------------------+
; Analysis & Synthesis Summary                                                    ;
+------------------------------------+--------------------------------------------+
; Analysis & Synthesis Status        ; Failed - Thu Jun 04 23:49:13 2020          ;
; Quartus II 64-Bit Version          ; 13.0.0 Build 156 04/24/2013 SJ Web Edition ;
; Revision Name                      ; TextDisplay                                ;
; Top-level Entity Name              ; TextDisplay                                ;
; Family                             ; Cyclone III                                ;
; Total logic elements               ; N/A until Partition Merge                  ;
;     Total combinational functions  ; N/A until Partition Merge                  ;
;     Dedicated logic registers      ; N/A until Partition Merge                  ;
; Total registers                    ; N/A until Partition Merge                  ;
; Total pins                         ; N/A until Partition Merge                  ;
; Total virtual pins                 ; N/A until Partition Merge                  ;
; Total memory bits                  ; N/A until Partition Merge                  ;
; Embedded Multiplier 9-bit elements ; N/A until Partition Merge                  ;
; Total PLLs                         ; N/A until Partition Merge                  ;
+------------------------------------+--------------------------------------------+


+----------------------------------------------------------------------------------------------------------------------+
; Analysis & Synthesis Settings                                                                                        ;
+----------------------------------------------------------------------------+--------------------+--------------------+
; Option                                                                     ; Setting            ; Default Value      ;
+----------------------------------------------------------------------------+--------------------+--------------------+
; Device                                                                     ; EP3C16F484C6       ;                    ;
; Top-level entity name                                                      ; TextDisplay        ; TextDisplay        ;
; Family name                                                                ; Cyclone III        ; Cyclone IV GX      ;
; Use smart compilation                                                      ; Off                ; Off                ;
; Enable parallel Assembler and TimeQuest Timing Analyzer during compilation ; On                 ; On                 ;
; Enable compact report table                                                ; Off                ; Off                ;
; Restructure Multiplexers                                                   ; Auto               ; Auto               ;
; Create Debugging Nodes for IP Cores                                        ; Off                ; Off                ;
; Preserve fewer node names                                                  ; On                 ; On                 ;
; Disable OpenCore Plus hardware evaluation                                  ; Off                ; Off                ;
; Verilog Version                                                            ; Verilog_2001       ; Verilog_2001       ;
; VHDL Version                                                               ; VHDL_1993          ; VHDL_1993          ;
; State Machine Processing                                                   ; Auto               ; Auto               ;
; Safe State Machine                                                         ; Off                ; Off                ;
; Extract Verilog State Machines                                             ; On                 ; On                 ;
; Extract VHDL State Machines                                                ; On                 ; On                 ;
; Ignore Verilog initial constructs                                          ; Off                ; Off                ;
; Iteration limit for constant Verilog loops                                 ; 5000               ; 5000               ;
; Iteration limit for non-constant Verilog loops                             ; 250                ; 250                ;
; Add Pass-Through Logic to Inferred RAMs                                    ; On                 ; On                 ;
; Infer RAMs from Raw Logic                                                  ; On                 ; On                 ;
; Parallel Synthesis                                                         ; On                 ; On                 ;
; DSP Block Balancing                                                        ; Auto               ; Auto               ;
; NOT Gate Push-Back                                                         ; On                 ; On                 ;
; Power-Up Don't Care                                                        ; On                 ; On                 ;
; Remove Redundant Logic Cells                                               ; Off                ; Off                ;
; Remove Duplicate Registers                                                 ; On                 ; On                 ;
; Ignore CARRY Buffers                                                       ; Off                ; Off                ;
; Ignore CASCADE Buffers                                                     ; Off                ; Off                ;
; Ignore GLOBAL Buffers                                                      ; Off                ; Off                ;
; Ignore ROW GLOBAL Buffers                                                  ; Off                ; Off                ;
; Ignore LCELL Buffers                                                       ; Off                ; Off                ;
; Ignore SOFT Buffers                                                        ; On                 ; On                 ;
; Limit AHDL Integers to 32 Bits                                             ; Off                ; Off                ;
; Optimization Technique                                                     ; Balanced           ; Balanced           ;
; Carry Chain Length                                                         ; 70                 ; 70                 ;
; Auto Carry Chains                                                          ; On                 ; On                 ;
; Auto Open-Drain Pins                                                       ; On                 ; On                 ;
; Perform WYSIWYG Primitive Resynthesis                                      ; Off                ; Off                ;
; Auto ROM Replacement                                                       ; On                 ; On                 ;
; Auto RAM Replacement                                                       ; On                 ; On                 ;
; Auto DSP Block Replacement                                                 ; On                 ; On                 ;
; Auto Shift Register Replacement                                            ; Auto               ; Auto               ;
; Allow Shift Register Merging across Hierarchies                            ; Auto               ; Auto               ;
; Auto Clock Enable Replacement                                              ; On                 ; On                 ;
; Strict RAM Replacement                                                     ; Off                ; Off                ;
; Allow Synchronous Control Signals                                          ; On                 ; On                 ;
; Force Use of Synchronous Clear Signals                                     ; Off                ; Off                ;
; Auto RAM Block Balancing                                                   ; On                 ; On                 ;
; Auto RAM to Logic Cell Conversion                                          ; Off                ; Off                ;
; Auto Resource Sharing                                                      ; Off                ; Off                ;
; Allow Any RAM Size For Recognition                                         ; Off                ; Off                ;
; Allow Any ROM Size For Recognition                                         ; Off                ; Off                ;
; Allow Any Shift Register Size For Recognition                              ; Off                ; Off                ;
; Use LogicLock Constraints during Resource Balancing                        ; On                 ; On                 ;
; Ignore translate_off and synthesis_off directives                          ; Off                ; Off                ;
; Timing-Driven Synthesis                                                    ; On                 ; On                 ;
; Report Parameter Settings                                                  ; On                 ; On                 ;
; Report Source Assignments                                                  ; On                 ; On                 ;
; Report Connectivity Checks                                                 ; On                 ; On                 ;
; Ignore Maximum Fan-Out Assignments                                         ; Off                ; Off                ;
; Synchronization Register Chain Length                                      ; 2                  ; 2                  ;
; PowerPlay Power Optimization                                               ; Normal compilation ; Normal compilation ;
; HDL message level                                                          ; Level2             ; Level2             ;
; Suppress Register Optimization Related Messages                            ; Off                ; Off                ;
; Number of Removed Registers Reported in Synthesis Report                   ; 5000               ; 5000               ;
; Number of Swept Nodes Reported in Synthesis Report                         ; 5000               ; 5000               ;
; Number of Inverted Registers Reported in Synthesis Report                  ; 100                ; 100                ;
; Clock MUX Protection                                                       ; On                 ; On                 ;
; Auto Gated Clock Conversion                                                ; Off                ; Off                ;
; Block Design Naming                                                        ; Auto               ; Auto               ;
; SDC constraint protection                                                  ; Off                ; Off                ;
; Synthesis Effort                                                           ; Auto               ; Auto               ;
; Shift Register Replacement - Allow Asynchronous Clear Signal               ; On                 ; On                 ;
; Pre-Mapping Resynthesis Optimization                                       ; Off                ; Off                ;
; Analysis & Synthesis Message Level                                         ; Medium             ; Medium             ;
; Disable Register Merging Across Hierarchies                                ; Auto               ; Auto               ;
; Resource Aware Inference For Block RAM                                     ; On                 ; On                 ;
; Synthesis Seed                                                             ; 1                  ; 1                  ;
+----------------------------------------------------------------------------+--------------------+--------------------+


Parallel compilation was disabled, but you have multiple processors available. Enable parallel compilation to reduce compilation time.
+-------------------------------------+
; Parallel Compilation                ;
+----------------------------+--------+
; Processors                 ; Number ;
+----------------------------+--------+
; Number detected on machine ; 16     ;
; Maximum allowed            ; 1      ;
+----------------------------+--------+


+-------------------------------+
; Analysis & Synthesis Messages ;
+-------------------------------+
Info: *******************************************************************
Info: Running Quartus II 64-Bit Analysis & Synthesis
    Info: Version 13.0.0 Build 156 04/24/2013 SJ Web Edition
    Info: Processing started: Thu Jun 04 23:49:11 2020
Info: Command: quartus_map --read_settings_files=on --write_settings_files=off TextDisplay -c TextDisplay
Warning (20028): Parallel compilation is not licensed and has been disabled
Info (12021): Found 2 design units, including 1 entities, in source file char_rom.vhd
    Info (12022): Found design unit 1: char_rom-SYN
    Info (12023): Found entity 1: char_rom
Info (12021): Found 2 design units, including 1 entities, in source file textdisplay.vhd
    Info (12022): Found design unit 1: TextDisplay-behaviour
    Info (12023): Found entity 1: TextDisplay
Info (12127): Elaborating entity "TextDisplay" for the top level hierarchy
Warning (10540): VHDL Signal Declaration warning at TextDisplay.vhd(23): used explicit default value for signal "welcome_to_flappy_bird" because signal was never assigned a value
Warning (10540): VHDL Signal Declaration warning at TextDisplay.vhd(24): used explicit default value for signal "training_text" because signal was never assigned a value
Warning (10540): VHDL Signal Declaration warning at TextDisplay.vhd(25): used explicit default value for signal "single_player_text" because signal was never assigned a value
Warning (10540): VHDL Signal Declaration warning at TextDisplay.vhd(26): used explicit default value for signal "score_text" because signal was never assigned a value
Warning (10540): VHDL Signal Declaration warning at TextDisplay.vhd(27): used explicit default value for signal "pause_text" because signal was never assigned a value
Warning (10540): VHDL Signal Declaration warning at TextDisplay.vhd(28): used explicit default value for signal "game_over_text" because signal was never assigned a value
Warning (10492): VHDL Process Statement warning at TextDisplay.vhd(47): signal "game_state" is read inside the Process Statement but isn't in the Process Statement's sensitivity list
Warning (10492): VHDL Process Statement warning at TextDisplay.vhd(48): signal "pixel_row" is read inside the Process Statement but isn't in the Process Statement's sensitivity list
Warning (10492): VHDL Process Statement warning at TextDisplay.vhd(48): signal "pixel_col" is read inside the Process Statement but isn't in the Process Statement's sensitivity list
Warning (10492): VHDL Process Statement warning at TextDisplay.vhd(49): signal "welcome_to_flappy_bird" is read inside the Process Statement but isn't in the Process Statement's sensitivity list
Warning (10492): VHDL Process Statement warning at TextDisplay.vhd(51): signal "pixel_row" is read inside the Process Statement but isn't in the Process Statement's sensitivity list
Warning (10492): VHDL Process Statement warning at TextDisplay.vhd(51): signal "pixel_col" is read inside the Process Statement but isn't in the Process Statement's sensitivity list
Warning (10492): VHDL Process Statement warning at TextDisplay.vhd(52): signal "welcome_to_flappy_bird" is read inside the Process Statement but isn't in the Process Statement's sensitivity list
Warning (10492): VHDL Process Statement warning at TextDisplay.vhd(54): signal "pixel_row" is read inside the Process Statement but isn't in the Process Statement's sensitivity list
Warning (10492): VHDL Process Statement warning at TextDisplay.vhd(54): signal "pixel_col" is read inside the Process Statement but isn't in the Process Statement's sensitivity list
Warning (10492): VHDL Process Statement warning at TextDisplay.vhd(55): signal "welcome_to_flappy_bird" is read inside the Process Statement but isn't in the Process Statement's sensitivity list
Warning (10492): VHDL Process Statement warning at TextDisplay.vhd(57): signal "pixel_row" is read inside the Process Statement but isn't in the Process Statement's sensitivity list
Warning (10492): VHDL Process Statement warning at TextDisplay.vhd(57): signal "pixel_col" is read inside the Process Statement but isn't in the Process Statement's sensitivity list
Warning (10492): VHDL Process Statement warning at TextDisplay.vhd(58): signal "welcome_to_flappy_bird" is read inside the Process Statement but isn't in the Process Statement's sensitivity list
Warning (10492): VHDL Process Statement warning at TextDisplay.vhd(60): signal "pixel_row" is read inside the Process Statement but isn't in the Process Statement's sensitivity list
Warning (10492): VHDL Process Statement warning at TextDisplay.vhd(60): signal "pixel_col" is read inside the Process Statement but isn't in the Process Statement's sensitivity list
Warning (10492): VHDL Process Statement warning at TextDisplay.vhd(61): signal "welcome_to_flappy_bird" is read inside the Process Statement but isn't in the Process Statement's sensitivity list
Warning (10492): VHDL Process Statement warning at TextDisplay.vhd(63): signal "pixel_row" is read inside the Process Statement but isn't in the Process Statement's sensitivity list
Warning (10492): VHDL Process Statement warning at TextDisplay.vhd(63): signal "pixel_col" is read inside the Process Statement but isn't in the Process Statement's sensitivity list
Warning (10492): VHDL Process Statement warning at TextDisplay.vhd(64): signal "welcome_to_flappy_bird" is read inside the Process Statement but isn't in the Process Statement's sensitivity list
Warning (10492): VHDL Process Statement warning at TextDisplay.vhd(66): signal "pixel_row" is read inside the Process Statement but isn't in the Process Statement's sensitivity list
Warning (10492): VHDL Process Statement warning at TextDisplay.vhd(66): signal "pixel_col" is read inside the Process Statement but isn't in the Process Statement's sensitivity list
Warning (10492): VHDL Process Statement warning at TextDisplay.vhd(67): signal "welcome_to_flappy_bird" is read inside the Process Statement but isn't in the Process Statement's sensitivity list
Warning (10492): VHDL Process Statement warning at TextDisplay.vhd(69): signal "pixel_row" is read inside the Process Statement but isn't in the Process Statement's sensitivity list
Warning (10492): VHDL Process Statement warning at TextDisplay.vhd(69): signal "pixel_col" is read inside the Process Statement but isn't in the Process Statement's sensitivity list
Warning (10492): VHDL Process Statement warning at TextDisplay.vhd(70): signal "welcome_to_flappy_bird" is read inside the Process Statement but isn't in the Process Statement's sensitivity list
Warning (10492): VHDL Process Statement warning at TextDisplay.vhd(72): signal "pixel_row" is read inside the Process Statement but isn't in the Process Statement's sensitivity list
Warning (10492): VHDL Process Statement warning at TextDisplay.vhd(72): signal "pixel_col" is read inside the Process Statement but isn't in the Process Statement's sensitivity list
Warning (10492): VHDL Process Statement warning at TextDisplay.vhd(73): signal "welcome_to_flappy_bird" is read inside the Process Statement but isn't in the Process Statement's sensitivity list
Warning (10492): VHDL Process Statement warning at TextDisplay.vhd(75): signal "pixel_row" is read inside the Process Statement but isn't in the Process Statement's sensitivity list
Warning (10492): VHDL Process Statement warning at TextDisplay.vhd(75): signal "pixel_col" is read inside the Process Statement but isn't in the Process Statement's sensitivity list
Warning (10492): VHDL Process Statement warning at TextDisplay.vhd(76): signal "welcome_to_flappy_bird" is read inside the Process Statement but isn't in the Process Statement's sensitivity list
Warning (10492): VHDL Process Statement warning at TextDisplay.vhd(78): signal "pixel_row" is read inside the Process Statement but isn't in the Process Statement's sensitivity list
Warning (10492): VHDL Process Statement warning at TextDisplay.vhd(78): signal "pixel_col" is read inside the Process Statement but isn't in the Process Statement's sensitivity list
Warning (10492): VHDL Process Statement warning at TextDisplay.vhd(79): signal "welcome_to_flappy_bird" is read inside the Process Statement but isn't in the Process Statement's sensitivity list
Warning (10492): VHDL Process Statement warning at TextDisplay.vhd(81): signal "pixel_row" is read inside the Process Statement but isn't in the Process Statement's sensitivity list
Warning (10492): VHDL Process Statement warning at TextDisplay.vhd(81): signal "pixel_col" is read inside the Process Statement but isn't in the Process Statement's sensitivity list
Warning (10492): VHDL Process Statement warning at TextDisplay.vhd(82): signal "welcome_to_flappy_bird" is read inside the Process Statement but isn't in the Process Statement's sensitivity list
Warning (10492): VHDL Process Statement warning at TextDisplay.vhd(84): signal "pixel_row" is read inside the Process Statement but isn't in the Process Statement's sensitivity list
Warning (10492): VHDL Process Statement warning at TextDisplay.vhd(84): signal "pixel_col" is read inside the Process Statement but isn't in the Process Statement's sensitivity list
Warning (10492): VHDL Process Statement warning at TextDisplay.vhd(85): signal "welcome_to_flappy_bird" is read inside the Process Statement but isn't in the Process Statement's sensitivity list
Warning (10492): VHDL Process Statement warning at TextDisplay.vhd(87): signal "pixel_row" is read inside the Process Statement but isn't in the Process Statement's sensitivity list
Warning (10492): VHDL Process Statement warning at TextDisplay.vhd(87): signal "pixel_col" is read inside the Process Statement but isn't in the Process Statement's sensitivity list
Warning (10492): VHDL Process Statement warning at TextDisplay.vhd(88): signal "welcome_to_flappy_bird" is read inside the Process Statement but isn't in the Process Statement's sensitivity list
Warning (10492): VHDL Process Statement warning at TextDisplay.vhd(90): signal "pixel_row" is read inside the Process Statement but isn't in the Process Statement's sensitivity list
Warning (10492): VHDL Process Statement warning at TextDisplay.vhd(90): signal "pixel_col" is read inside the Process Statement but isn't in the Process Statement's sensitivity list
Warning (10492): VHDL Process Statement warning at TextDisplay.vhd(91): signal "welcome_to_flappy_bird" is read inside the Process Statement but isn't in the Process Statement's sensitivity list
Warning (10492): VHDL Process Statement warning at TextDisplay.vhd(93): signal "pixel_row" is read inside the Process Statement but isn't in the Process Statement's sensitivity list
Warning (10492): VHDL Process Statement warning at TextDisplay.vhd(93): signal "pixel_col" is read inside the Process Statement but isn't in the Process Statement's sensitivity list
Warning (10492): VHDL Process Statement warning at TextDisplay.vhd(94): signal "welcome_to_flappy_bird" is read inside the Process Statement but isn't in the Process Statement's sensitivity list
Warning (10492): VHDL Process Statement warning at TextDisplay.vhd(96): signal "pixel_row" is read inside the Process Statement but isn't in the Process Statement's sensitivity list
Warning (10492): VHDL Process Statement warning at TextDisplay.vhd(96): signal "pixel_col" is read inside the Process Statement but isn't in the Process Statement's sensitivity list
Warning (10492): VHDL Process Statement warning at TextDisplay.vhd(97): signal "welcome_to_flappy_bird" is read inside the Process Statement but isn't in the Process Statement's sensitivity list
Warning (10492): VHDL Process Statement warning at TextDisplay.vhd(99): signal "pixel_row" is read inside the Process Statement but isn't in the Process Statement's sensitivity list
Warning (10492): VHDL Process Statement warning at TextDisplay.vhd(99): signal "pixel_col" is read inside the Process Statement but isn't in the Process Statement's sensitivity list
Warning (10492): VHDL Process Statement warning at TextDisplay.vhd(100): signal "welcome_to_flappy_bird" is read inside the Process Statement but isn't in the Process Statement's sensitivity list
Warning (10492): VHDL Process Statement warning at TextDisplay.vhd(102): signal "pixel_row" is read inside the Process Statement but isn't in the Process Statement's sensitivity list
Warning (10492): VHDL Process Statement warning at TextDisplay.vhd(102): signal "pixel_col" is read inside the Process Statement but isn't in the Process Statement's sensitivity list
Warning (10492): VHDL Process Statement warning at TextDisplay.vhd(103): signal "welcome_to_flappy_bird" is read inside the Process Statement but isn't in the Process Statement's sensitivity list
Warning (10492): VHDL Process Statement warning at TextDisplay.vhd(105): signal "pixel_row" is read inside the Process Statement but isn't in the Process Statement's sensitivity list
Warning (10492): VHDL Process Statement warning at TextDisplay.vhd(105): signal "pixel_col" is read inside the Process Statement but isn't in the Process Statement's sensitivity list
Warning (10492): VHDL Process Statement warning at TextDisplay.vhd(106): signal "welcome_to_flappy_bird" is read inside the Process Statement but isn't in the Process Statement's sensitivity list
Warning (10492): VHDL Process Statement warning at TextDisplay.vhd(108): signal "pixel_row" is read inside the Process Statement but isn't in the Process Statement's sensitivity list
Warning (10492): VHDL Process Statement warning at TextDisplay.vhd(108): signal "pixel_col" is read inside the Process Statement but isn't in the Process Statement's sensitivity list
Warning (10492): VHDL Process Statement warning at TextDisplay.vhd(109): signal "welcome_to_flappy_bird" is read inside the Process Statement but isn't in the Process Statement's sensitivity list
Warning (10492): VHDL Process Statement warning at TextDisplay.vhd(111): signal "pixel_row" is read inside the Process Statement but isn't in the Process Statement's sensitivity list
Warning (10492): VHDL Process Statement warning at TextDisplay.vhd(111): signal "pixel_col" is read inside the Process Statement but isn't in the Process Statement's sensitivity list
Warning (10492): VHDL Process Statement warning at TextDisplay.vhd(112): signal "welcome_to_flappy_bird" is read inside the Process Statement but isn't in the Process Statement's sensitivity list
Warning (10631): VHDL Process Statement warning at TextDisplay.vhd(44): inferring latch(es) for signal or variable "characters", which holds its previous value in one or more paths through the process
Warning (10492): VHDL Process Statement warning at TextDisplay.vhd(123): signal "game_state" is read inside the Process Statement but isn't in the Process Statement's sensitivity list
Warning (10492): VHDL Process Statement warning at TextDisplay.vhd(124): signal "pixel_row" is read inside the Process Statement but isn't in the Process Statement's sensitivity list
Warning (10620): VHDL warning at TextDisplay.vhd(124): comparison between unequal length operands always returns FALSE
Warning (10492): VHDL Process Statement warning at TextDisplay.vhd(127): signal "pixel_row" is read inside the Process Statement but isn't in the Process Statement's sensitivity list
Warning (10620): VHDL warning at TextDisplay.vhd(127): comparison between unequal length operands always returns FALSE
Warning (10492): VHDL Process Statement warning at TextDisplay.vhd(130): signal "pixel_row" is read inside the Process Statement but isn't in the Process Statement's sensitivity list
Warning (10620): VHDL warning at TextDisplay.vhd(130): comparison between unequal length operands always returns FALSE
Warning (10492): VHDL Process Statement warning at TextDisplay.vhd(133): signal "pixel_row" is read inside the Process Statement but isn't in the Process Statement's sensitivity list
Warning (10620): VHDL warning at TextDisplay.vhd(133): comparison between unequal length operands always returns FALSE
Warning (10492): VHDL Process Statement warning at TextDisplay.vhd(136): signal "pixel_row" is read inside the Process Statement but isn't in the Process Statement's sensitivity list
Warning (10620): VHDL warning at TextDisplay.vhd(136): comparison between unequal length operands always returns FALSE
Warning (10492): VHDL Process Statement warning at TextDisplay.vhd(139): signal "pixel_row" is read inside the Process Statement but isn't in the Process Statement's sensitivity list
Warning (10620): VHDL warning at TextDisplay.vhd(139): comparison between unequal length operands always returns FALSE
Warning (10492): VHDL Process Statement warning at TextDisplay.vhd(142): signal "pixel_row" is read inside the Process Statement but isn't in the Process Statement's sensitivity list
Warning (10620): VHDL warning at TextDisplay.vhd(142): comparison between unequal length operands always returns FALSE
Warning (10492): VHDL Process Statement warning at TextDisplay.vhd(145): signal "pixel_row" is read inside the Process Statement but isn't in the Process Statement's sensitivity list
Warning (10620): VHDL warning at TextDisplay.vhd(145): comparison between unequal length operands always returns FALSE
Warning (10492): VHDL Process Statement warning at TextDisplay.vhd(148): signal "pixel_row" is read inside the Process Statement but isn't in the Process Statement's sensitivity list
Warning (10620): VHDL warning at TextDisplay.vhd(148): comparison between unequal length operands always returns FALSE
Warning (10492): VHDL Process Statement warning at TextDisplay.vhd(151): signal "pixel_row" is read inside the Process Statement but isn't in the Process Statement's sensitivity list
Warning (10620): VHDL warning at TextDisplay.vhd(151): comparison between unequal length operands always returns FALSE
Warning (10492): VHDL Process Statement warning at TextDisplay.vhd(154): signal "pixel_row" is read inside the Process Statement but isn't in the Process Statement's sensitivity list
Warning (10620): VHDL warning at TextDisplay.vhd(154): comparison between unequal length operands always returns FALSE
Warning (10492): VHDL Process Statement warning at TextDisplay.vhd(157): signal "pixel_row" is read inside the Process Statement but isn't in the Process Statement's sensitivity list
Warning (10620): VHDL warning at TextDisplay.vhd(157): comparison between unequal length operands always returns FALSE
Warning (10492): VHDL Process Statement warning at TextDisplay.vhd(160): signal "pixel_row" is read inside the Process Statement but isn't in the Process Statement's sensitivity list
Warning (10620): VHDL warning at TextDisplay.vhd(160): comparison between unequal length operands always returns FALSE
Warning (10492): VHDL Process Statement warning at TextDisplay.vhd(163): signal "pixel_row" is read inside the Process Statement but isn't in the Process Statement's sensitivity list
Warning (10620): VHDL warning at TextDisplay.vhd(163): comparison between unequal length operands always returns FALSE
Warning (10492): VHDL Process Statement warning at TextDisplay.vhd(166): signal "pixel_row" is read inside the Process Statement but isn't in the Process Statement's sensitivity list
Warning (10620): VHDL warning at TextDisplay.vhd(166): comparison between unequal length operands always returns FALSE
Warning (10492): VHDL Process Statement warning at TextDisplay.vhd(169): signal "pixel_row" is read inside the Process Statement but isn't in the Process Statement's sensitivity list
Warning (10620): VHDL warning at TextDisplay.vhd(169): comparison between unequal length operands always returns FALSE
Warning (10492): VHDL Process Statement warning at TextDisplay.vhd(172): signal "pixel_row" is read inside the Process Statement but isn't in the Process Statement's sensitivity list
Warning (10620): VHDL warning at TextDisplay.vhd(172): comparison between unequal length operands always returns FALSE
Warning (10492): VHDL Process Statement warning at TextDisplay.vhd(175): signal "pixel_row" is read inside the Process Statement but isn't in the Process Statement's sensitivity list
Warning (10620): VHDL warning at TextDisplay.vhd(175): comparison between unequal length operands always returns FALSE
Warning (10492): VHDL Process Statement warning at TextDisplay.vhd(185): signal "game_state" is read inside the Process Statement but isn't in the Process Statement's sensitivity list
Warning (10492): VHDL Process Statement warning at TextDisplay.vhd(186): signal "pixel_row" is read inside the Process Statement but isn't in the Process Statement's sensitivity list
Warning (10620): VHDL warning at TextDisplay.vhd(186): comparison between unequal length operands always returns FALSE
Warning (10492): VHDL Process Statement warning at TextDisplay.vhd(189): signal "pixel_row" is read inside the Process Statement but isn't in the Process Statement's sensitivity list
Warning (10620): VHDL warning at TextDisplay.vhd(189): comparison between unequal length operands always returns FALSE
Warning (10492): VHDL Process Statement warning at TextDisplay.vhd(192): signal "pixel_row" is read inside the Process Statement but isn't in the Process Statement's sensitivity list
Warning (10620): VHDL warning at TextDisplay.vhd(192): comparison between unequal length operands always returns FALSE
Warning (10492): VHDL Process Statement warning at TextDisplay.vhd(195): signal "pixel_row" is read inside the Process Statement but isn't in the Process Statement's sensitivity list
Warning (10620): VHDL warning at TextDisplay.vhd(195): comparison between unequal length operands always returns FALSE
Warning (10492): VHDL Process Statement warning at TextDisplay.vhd(198): signal "pixel_row" is read inside the Process Statement but isn't in the Process Statement's sensitivity list
Warning (10620): VHDL warning at TextDisplay.vhd(198): comparison between unequal length operands always returns FALSE
Warning (10492): VHDL Process Statement warning at TextDisplay.vhd(201): signal "pixel_row" is read inside the Process Statement but isn't in the Process Statement's sensitivity list
Warning (10620): VHDL warning at TextDisplay.vhd(201): comparison between unequal length operands always returns FALSE
Warning (10492): VHDL Process Statement warning at TextDisplay.vhd(204): signal "pixel_row" is read inside the Process Statement but isn't in the Process Statement's sensitivity list
Warning (10620): VHDL warning at TextDisplay.vhd(204): comparison between unequal length operands always returns FALSE
Warning (10492): VHDL Process Statement warning at TextDisplay.vhd(207): signal "pixel_row" is read inside the Process Statement but isn't in the Process Statement's sensitivity list
Warning (10620): VHDL warning at TextDisplay.vhd(207): comparison between unequal length operands always returns FALSE
Warning (10492): VHDL Process Statement warning at TextDisplay.vhd(210): signal "pixel_row" is read inside the Process Statement but isn't in the Process Statement's sensitivity list
Warning (10620): VHDL warning at TextDisplay.vhd(210): comparison between unequal length operands always returns FALSE
Warning (10492): VHDL Process Statement warning at TextDisplay.vhd(213): signal "pixel_row" is read inside the Process Statement but isn't in the Process Statement's sensitivity list
Warning (10620): VHDL warning at TextDisplay.vhd(213): comparison between unequal length operands always returns FALSE
Warning (10492): VHDL Process Statement warning at TextDisplay.vhd(216): signal "pixel_row" is read inside the Process Statement but isn't in the Process Statement's sensitivity list
Warning (10620): VHDL warning at TextDisplay.vhd(216): comparison between unequal length operands always returns FALSE
Warning (10492): VHDL Process Statement warning at TextDisplay.vhd(219): signal "pixel_row" is read inside the Process Statement but isn't in the Process Statement's sensitivity list
Warning (10620): VHDL warning at TextDisplay.vhd(219): comparison between unequal length operands always returns FALSE
Warning (10492): VHDL Process Statement warning at TextDisplay.vhd(222): signal "pixel_row" is read inside the Process Statement but isn't in the Process Statement's sensitivity list
Warning (10620): VHDL warning at TextDisplay.vhd(222): comparison between unequal length operands always returns FALSE
Warning (10492): VHDL Process Statement warning at TextDisplay.vhd(232): signal "game_state" is read inside the Process Statement but isn't in the Process Statement's sensitivity list
Warning (10492): VHDL Process Statement warning at TextDisplay.vhd(233): signal "pixel_row" is read inside the Process Statement but isn't in the Process Statement's sensitivity list
Warning (10492): VHDL Process Statement warning at TextDisplay.vhd(233): signal "pixel_col" is read inside the Process Statement but isn't in the Process Statement's sensitivity list
Warning (10492): VHDL Process Statement warning at TextDisplay.vhd(234): signal "score_text" is read inside the Process Statement but isn't in the Process Statement's sensitivity list
Warning (10492): VHDL Process Statement warning at TextDisplay.vhd(236): signal "pixel_row" is read inside the Process Statement but isn't in the Process Statement's sensitivity list
Warning (10492): VHDL Process Statement warning at TextDisplay.vhd(236): signal "pixel_col" is read inside the Process Statement but isn't in the Process Statement's sensitivity list
Warning (10492): VHDL Process Statement warning at TextDisplay.vhd(237): signal "score_text" is read inside the Process Statement but isn't in the Process Statement's sensitivity list
Warning (10492): VHDL Process Statement warning at TextDisplay.vhd(239): signal "pixel_row" is read inside the Process Statement but isn't in the Process Statement's sensitivity list
Warning (10492): VHDL Process Statement warning at TextDisplay.vhd(239): signal "pixel_col" is read inside the Process Statement but isn't in the Process Statement's sensitivity list
Warning (10492): VHDL Process Statement warning at TextDisplay.vhd(240): signal "score_text" is read inside the Process Statement but isn't in the Process Statement's sensitivity list
Warning (10492): VHDL Process Statement warning at TextDisplay.vhd(242): signal "pixel_row" is read inside the Process Statement but isn't in the Process Statement's sensitivity list
Warning (10492): VHDL Process Statement warning at TextDisplay.vhd(242): signal "pixel_col" is read inside the Process Statement but isn't in the Process Statement's sensitivity list
Warning (10492): VHDL Process Statement warning at TextDisplay.vhd(243): signal "score_text" is read inside the Process Statement but isn't in the Process Statement's sensitivity list
Warning (10492): VHDL Process Statement warning at TextDisplay.vhd(245): signal "pixel_row" is read inside the Process Statement but isn't in the Process Statement's sensitivity list
Warning (10492): VHDL Process Statement warning at TextDisplay.vhd(245): signal "pixel_col" is read inside the Process Statement but isn't in the Process Statement's sensitivity list
Warning (10492): VHDL Process Statement warning at TextDisplay.vhd(246): signal "score_text" is read inside the Process Statement but isn't in the Process Statement's sensitivity list
Warning (10492): VHDL Process Statement warning at TextDisplay.vhd(248): signal "pixel_row" is read inside the Process Statement but isn't in the Process Statement's sensitivity list
Warning (10492): VHDL Process Statement warning at TextDisplay.vhd(248): signal "pixel_col" is read inside the Process Statement but isn't in the Process Statement's sensitivity list
Warning (10492): VHDL Process Statement warning at TextDisplay.vhd(249): signal "score_text" is read inside the Process Statement but isn't in the Process Statement's sensitivity list
Warning (10492): VHDL Process Statement warning at TextDisplay.vhd(251): signal "pixel_row" is read inside the Process Statement but isn't in the Process Statement's sensitivity list
Warning (10492): VHDL Process Statement warning at TextDisplay.vhd(251): signal "pixel_col" is read inside the Process Statement but isn't in the Process Statement's sensitivity list
Warning (10492): VHDL Process Statement warning at TextDisplay.vhd(252): signal "score_text" is read inside the Process Statement but isn't in the Process Statement's sensitivity list
Warning (10492): VHDL Process Statement warning at TextDisplay.vhd(254): signal "pixel_row" is read inside the Process Statement but isn't in the Process Statement's sensitivity list
Warning (10492): VHDL Process Statement warning at TextDisplay.vhd(254): signal "pixel_col" is read inside the Process Statement but isn't in the Process Statement's sensitivity list
Warning (10492): VHDL Process Statement warning at TextDisplay.vhd(255): signal "score_text" is read inside the Process Statement but isn't in the Process Statement's sensitivity list
Warning (10631): VHDL Process Statement warning at TextDisplay.vhd(230): inferring latch(es) for signal or variable "characters", which holds its previous value in one or more paths through the process
Warning (10492): VHDL Process Statement warning at TextDisplay.vhd(263): signal "game_state" is read inside the Process Statement but isn't in the Process Statement's sensitivity list
Warning (10492): VHDL Process Statement warning at TextDisplay.vhd(264): signal "pixel_row" is read inside the Process Statement but isn't in the Process Statement's sensitivity list
Warning (10620): VHDL warning at TextDisplay.vhd(264): comparison between unequal length operands always returns FALSE
Warning (10492): VHDL Process Statement warning at TextDisplay.vhd(267): signal "pixel_row" is read inside the Process Statement but isn't in the Process Statement's sensitivity list
Warning (10620): VHDL warning at TextDisplay.vhd(267): comparison between unequal length operands always returns FALSE
Warning (10492): VHDL Process Statement warning at TextDisplay.vhd(270): signal "pixel_row" is read inside the Process Statement but isn't in the Process Statement's sensitivity list
Warning (10620): VHDL warning at TextDisplay.vhd(270): comparison between unequal length operands always returns FALSE
Warning (10492): VHDL Process Statement warning at TextDisplay.vhd(273): signal "pixel_row" is read inside the Process Statement but isn't in the Process Statement's sensitivity list
Warning (10620): VHDL warning at TextDisplay.vhd(273): comparison between unequal length operands always returns FALSE
Warning (10492): VHDL Process Statement warning at TextDisplay.vhd(276): signal "pixel_row" is read inside the Process Statement but isn't in the Process Statement's sensitivity list
Warning (10620): VHDL warning at TextDisplay.vhd(276): comparison between unequal length operands always returns FALSE
Warning (10492): VHDL Process Statement warning at TextDisplay.vhd(279): signal "pixel_row" is read inside the Process Statement but isn't in the Process Statement's sensitivity list
Warning (10620): VHDL warning at TextDisplay.vhd(279): comparison between unequal length operands always returns FALSE
Warning (10492): VHDL Process Statement warning at TextDisplay.vhd(282): signal "pixel_row" is read inside the Process Statement but isn't in the Process Statement's sensitivity list
Warning (10620): VHDL warning at TextDisplay.vhd(282): comparison between unequal length operands always returns FALSE
Warning (10492): VHDL Process Statement warning at TextDisplay.vhd(285): signal "pixel_row" is read inside the Process Statement but isn't in the Process Statement's sensitivity list
Warning (10620): VHDL warning at TextDisplay.vhd(285): comparison between unequal length operands always returns FALSE
Warning (10492): VHDL Process Statement warning at TextDisplay.vhd(288): signal "pixel_row" is read inside the Process Statement but isn't in the Process Statement's sensitivity list
Warning (10620): VHDL warning at TextDisplay.vhd(288): comparison between unequal length operands always returns FALSE
Warning (10492): VHDL Process Statement warning at TextDisplay.vhd(297): signal "game_state" is read inside the Process Statement but isn't in the Process Statement's sensitivity list
Warning (10492): VHDL Process Statement warning at TextDisplay.vhd(299): signal "pixel_row" is read inside the Process Statement but isn't in the Process Statement's sensitivity list
Warning (10620): VHDL warning at TextDisplay.vhd(299): comparison between unequal length operands always returns FALSE
Warning (10492): VHDL Process Statement warning at TextDisplay.vhd(302): signal "pixel_row" is read inside the Process Statement but isn't in the Process Statement's sensitivity list
Warning (10620): VHDL warning at TextDisplay.vhd(302): comparison between unequal length operands always returns FALSE
Warning (10492): VHDL Process Statement warning at TextDisplay.vhd(305): signal "pixel_row" is read inside the Process Statement but isn't in the Process Statement's sensitivity list
Warning (10620): VHDL warning at TextDisplay.vhd(305): comparison between unequal length operands always returns FALSE
Warning (10492): VHDL Process Statement warning at TextDisplay.vhd(308): signal "pixel_row" is read inside the Process Statement but isn't in the Process Statement's sensitivity list
Warning (10620): VHDL warning at TextDisplay.vhd(308): comparison between unequal length operands always returns FALSE
Warning (10492): VHDL Process Statement warning at TextDisplay.vhd(311): signal "pixel_row" is read inside the Process Statement but isn't in the Process Statement's sensitivity list
Warning (10620): VHDL warning at TextDisplay.vhd(311): comparison between unequal length operands always returns FALSE
Warning (10492): VHDL Process Statement warning at TextDisplay.vhd(314): signal "pixel_row" is read inside the Process Statement but isn't in the Process Statement's sensitivity list
Warning (10620): VHDL warning at TextDisplay.vhd(314): comparison between unequal length operands always returns FALSE
Warning (10492): VHDL Process Statement warning at TextDisplay.vhd(324): signal "game_state" is read inside the Process Statement but isn't in the Process Statement's sensitivity list
Warning (10492): VHDL Process Statement warning at TextDisplay.vhd(325): signal "pixel_row" is read inside the Process Statement but isn't in the Process Statement's sensitivity list
Warning (10492): VHDL Process Statement warning at TextDisplay.vhd(325): signal "pixel_col" is read inside the Process Statement but isn't in the Process Statement's sensitivity list
Warning (10492): VHDL Process Statement warning at TextDisplay.vhd(326): signal "score3" is read inside the Process Statement but isn't in the Process Statement's sensitivity list
Warning (10492): VHDL Process Statement warning at TextDisplay.vhd(328): signal "score3" is read inside the Process Statement but isn't in the Process Statement's sensitivity list
Warning (10492): VHDL Process Statement warning at TextDisplay.vhd(330): signal "score3" is read inside the Process Statement but isn't in the Process Statement's sensitivity list
Warning (10492): VHDL Process Statement warning at TextDisplay.vhd(332): signal "score3" is read inside the Process Statement but isn't in the Process Statement's sensitivity list
Warning (10492): VHDL Process Statement warning at TextDisplay.vhd(334): signal "score3" is read inside the Process Statement but isn't in the Process Statement's sensitivity list
Warning (10492): VHDL Process Statement warning at TextDisplay.vhd(336): signal "score3" is read inside the Process Statement but isn't in the Process Statement's sensitivity list
Warning (10492): VHDL Process Statement warning at TextDisplay.vhd(338): signal "score3" is read inside the Process Statement but isn't in the Process Statement's sensitivity list
Warning (10492): VHDL Process Statement warning at TextDisplay.vhd(340): signal "score3" is read inside the Process Statement but isn't in the Process Statement's sensitivity list
Warning (10492): VHDL Process Statement warning at TextDisplay.vhd(342): signal "score3" is read inside the Process Statement but isn't in the Process Statement's sensitivity list
Warning (10492): VHDL Process Statement warning at TextDisplay.vhd(344): signal "score3" is read inside the Process Statement but isn't in the Process Statement's sensitivity list
Warning (10492): VHDL Process Statement warning at TextDisplay.vhd(347): signal "pixel_row" is read inside the Process Statement but isn't in the Process Statement's sensitivity list
Warning (10492): VHDL Process Statement warning at TextDisplay.vhd(347): signal "pixel_col" is read inside the Process Statement but isn't in the Process Statement's sensitivity list
Warning (10492): VHDL Process Statement warning at TextDisplay.vhd(348): signal "score2" is read inside the Process Statement but isn't in the Process Statement's sensitivity list
Warning (10492): VHDL Process Statement warning at TextDisplay.vhd(350): signal "score2" is read inside the Process Statement but isn't in the Process Statement's sensitivity list
Warning (10492): VHDL Process Statement warning at TextDisplay.vhd(352): signal "score2" is read inside the Process Statement but isn't in the Process Statement's sensitivity list
Warning (10492): VHDL Process Statement warning at TextDisplay.vhd(354): signal "score2" is read inside the Process Statement but isn't in the Process Statement's sensitivity list
Warning (10492): VHDL Process Statement warning at TextDisplay.vhd(356): signal "score2" is read inside the Process Statement but isn't in the Process Statement's sensitivity list
Warning (10492): VHDL Process Statement warning at TextDisplay.vhd(358): signal "score2" is read inside the Process Statement but isn't in the Process Statement's sensitivity list
Warning (10492): VHDL Process Statement warning at TextDisplay.vhd(360): signal "score2" is read inside the Process Statement but isn't in the Process Statement's sensitivity list
Warning (10492): VHDL Process Statement warning at TextDisplay.vhd(362): signal "score2" is read inside the Process Statement but isn't in the Process Statement's sensitivity list
Warning (10492): VHDL Process Statement warning at TextDisplay.vhd(364): signal "score2" is read inside the Process Statement but isn't in the Process Statement's sensitivity list
Warning (10492): VHDL Process Statement warning at TextDisplay.vhd(366): signal "score2" is read inside the Process Statement but isn't in the Process Statement's sensitivity list
Warning (10492): VHDL Process Statement warning at TextDisplay.vhd(369): signal "pixel_row" is read inside the Process Statement but isn't in the Process Statement's sensitivity list
Warning (10492): VHDL Process Statement warning at TextDisplay.vhd(369): signal "pixel_col" is read inside the Process Statement but isn't in the Process Statement's sensitivity list
Warning (10492): VHDL Process Statement warning at TextDisplay.vhd(370): signal "score1" is read inside the Process Statement but isn't in the Process Statement's sensitivity list
Warning (10492): VHDL Process Statement warning at TextDisplay.vhd(372): signal "score1" is read inside the Process Statement but isn't in the Process Statement's sensitivity list
Warning (10492): VHDL Process Statement warning at TextDisplay.vhd(374): signal "score1" is read inside the Process Statement but isn't in the Process Statement's sensitivity list
Warning (10492): VHDL Process Statement warning at TextDisplay.vhd(376): signal "score1" is read inside the Process Statement but isn't in the Process Statement's sensitivity list
Warning (10492): VHDL Process Statement warning at TextDisplay.vhd(378): signal "score1" is read inside the Process Statement but isn't in the Process Statement's sensitivity list
Warning (10492): VHDL Process Statement warning at TextDisplay.vhd(380): signal "score1" is read inside the Process Statement but isn't in the Process Statement's sensitivity list
Warning (10492): VHDL Process Statement warning at TextDisplay.vhd(382): signal "score1" is read inside the Process Statement but isn't in the Process Statement's sensitivity list
Warning (10492): VHDL Process Statement warning at TextDisplay.vhd(384): signal "score1" is read inside the Process Statement but isn't in the Process Statement's sensitivity list
Warning (10492): VHDL Process Statement warning at TextDisplay.vhd(386): signal "score1" is read inside the Process Statement but isn't in the Process Statement's sensitivity list
Warning (10492): VHDL Process Statement warning at TextDisplay.vhd(388): signal "score1" is read inside the Process Statement but isn't in the Process Statement's sensitivity list
Warning (10492): VHDL Process Statement warning at TextDisplay.vhd(391): signal "pixel_row" is read inside the Process Statement but isn't in the Process Statement's sensitivity list
Warning (10492): VHDL Process Statement warning at TextDisplay.vhd(391): signal "pixel_col" is read inside the Process Statement but isn't in the Process Statement's sensitivity list
Warning (10492): VHDL Process Statement warning at TextDisplay.vhd(392): signal "score0" is read inside the Process Statement but isn't in the Process Statement's sensitivity list
Warning (10492): VHDL Process Statement warning at TextDisplay.vhd(394): signal "score0" is read inside the Process Statement but isn't in the Process Statement's sensitivity list
Warning (10492): VHDL Process Statement warning at TextDisplay.vhd(396): signal "score0" is read inside the Process Statement but isn't in the Process Statement's sensitivity list
Warning (10492): VHDL Process Statement warning at TextDisplay.vhd(398): signal "score0" is read inside the Process Statement but isn't in the Process Statement's sensitivity list
Warning (10492): VHDL Process Statement warning at TextDisplay.vhd(400): signal "score0" is read inside the Process Statement but isn't in the Process Statement's sensitivity list
Warning (10492): VHDL Process Statement warning at TextDisplay.vhd(402): signal "score0" is read inside the Process Statement but isn't in the Process Statement's sensitivity list
Warning (10492): VHDL Process Statement warning at TextDisplay.vhd(404): signal "score0" is read inside the Process Statement but isn't in the Process Statement's sensitivity list
Warning (10492): VHDL Process Statement warning at TextDisplay.vhd(406): signal "score0" is read inside the Process Statement but isn't in the Process Statement's sensitivity list
Warning (10492): VHDL Process Statement warning at TextDisplay.vhd(408): signal "score0" is read inside the Process Statement but isn't in the Process Statement's sensitivity list
Warning (10492): VHDL Process Statement warning at TextDisplay.vhd(410): signal "score0" is read inside the Process Statement but isn't in the Process Statement's sensitivity list
Warning (10631): VHDL Process Statement warning at TextDisplay.vhd(322): inferring latch(es) for signal or variable "characters", which holds its previous value in one or more paths through the process
Info (10041): Inferred latch for "characters[0]" at TextDisplay.vhd(322)
Info (10041): Inferred latch for "characters[1]" at TextDisplay.vhd(322)
Info (10041): Inferred latch for "characters[2]" at TextDisplay.vhd(322)
Info (10041): Inferred latch for "characters[3]" at TextDisplay.vhd(322)
Info (10041): Inferred latch for "characters[4]" at TextDisplay.vhd(322)
Info (10041): Inferred latch for "characters[5]" at TextDisplay.vhd(322)
Info (10041): Inferred latch for "characters[0]" at TextDisplay.vhd(230)
Info (10041): Inferred latch for "characters[1]" at TextDisplay.vhd(230)
Info (10041): Inferred latch for "characters[2]" at TextDisplay.vhd(230)
Info (10041): Inferred latch for "characters[3]" at TextDisplay.vhd(230)
Info (10041): Inferred latch for "characters[4]" at TextDisplay.vhd(230)
Info (10041): Inferred latch for "characters[5]" at TextDisplay.vhd(230)
Info (10041): Inferred latch for "characters[0]" at TextDisplay.vhd(44)
Info (10041): Inferred latch for "characters[1]" at TextDisplay.vhd(44)
Info (10041): Inferred latch for "characters[2]" at TextDisplay.vhd(44)
Info (10041): Inferred latch for "characters[3]" at TextDisplay.vhd(44)
Info (10041): Inferred latch for "characters[4]" at TextDisplay.vhd(44)
Info (10041): Inferred latch for "characters[5]" at TextDisplay.vhd(44)
Error (10028): Can't resolve multiple constant drivers for net "characters[5]" at TextDisplay.vhd(230) File: D:/CompSys302VHDLuProject/TextDisplayTest/TextDisplay.vhd Line: 230
Error (10029): Constant driver at TextDisplay.vhd(44) File: D:/CompSys302VHDLuProject/TextDisplayTest/TextDisplay.vhd Line: 44
Error (10028): Can't resolve multiple constant drivers for net "characters[4]" at TextDisplay.vhd(230) File: D:/CompSys302VHDLuProject/TextDisplayTest/TextDisplay.vhd Line: 230
Error (10028): Can't resolve multiple constant drivers for net "characters[3]" at TextDisplay.vhd(230) File: D:/CompSys302VHDLuProject/TextDisplayTest/TextDisplay.vhd Line: 230
Error (10028): Can't resolve multiple constant drivers for net "characters[2]" at TextDisplay.vhd(230) File: D:/CompSys302VHDLuProject/TextDisplayTest/TextDisplay.vhd Line: 230
Error (10028): Can't resolve multiple constant drivers for net "characters[1]" at TextDisplay.vhd(44) File: D:/CompSys302VHDLuProject/TextDisplayTest/TextDisplay.vhd Line: 44
Error (10029): Constant driver at TextDisplay.vhd(230) File: D:/CompSys302VHDLuProject/TextDisplayTest/TextDisplay.vhd Line: 230
Error (10028): Can't resolve multiple constant drivers for net "characters[0]" at TextDisplay.vhd(322) File: D:/CompSys302VHDLuProject/TextDisplayTest/TextDisplay.vhd Line: 322
Error (12153): Can't elaborate top-level user hierarchy
Error: Quartus II 64-Bit Analysis & Synthesis was unsuccessful. 9 errors, 247 warnings
    Error: Peak virtual memory: 4622 megabytes
    Error: Processing ended: Thu Jun 04 23:49:13 2020
    Error: Elapsed time: 00:00:02
    Error: Total CPU time (on all processors): 00:00:01


